../Core/Src/main.c:111:5:main	8	static
../Core/Src/main.c:167:6:SystemClock_Config	96	static
../Core/Src/main.c:228:13:MX_TIM1_Init	56	static
../Core/Src/main.c:288:13:MX_TIM6_Init	24	static
../Core/Src/main.c:326:13:MX_TIM16_Init	8	static
../Core/Src/main.c:358:13:MX_USART1_UART_Init	8	static
../Core/Src/main.c:393:13:MX_USART2_UART_Init	8	static
../Core/Src/main.c:428:13:MX_GPIO_Init	40	static
../Core/Src/main.c:467:6:Handle_UART_Command	8	static
../Core/Src/main.c:504:6:HAL_UART_RxCpltCallback	24	static
../Core/Src/main.c:556:6:delay_uS	16	static
../Core/Src/main.c:565:6:HCSR04_Read	8	static
../Core/Src/main.c:572:6:HAL_TIM_IC_CaptureCallback	16	static
../Core/Src/main.c:601:6:HAL_TIM_PeriodElapsedCallback	16	static
../Core/Src/main.c:649:6:Error_Handler	4	static,ignoring_inline_asm
